// Jest Snapshot v1, https://goo.gl/fbAQLP

exports[`Unity: People getPopularPeople()  return the hasMore field as true when has more items to be paginated 1`] = `
Array [
  Object {
    "adult": true,
    "id": 3,
    "known_for": Array [
      Object {
        "adult": false,
        "backdrop_path": "/backdrop_path.jpg",
        "genre_ids": Array [
          2,
        ],
        "id": 123,
        "media_type": "movie",
        "original_language": "original_language",
        "original_title": "original_title",
        "overview": "overview",
        "popularity": 1,
        "poster_path": "/poster_path.jpg",
        "release_date": "release_date",
        "title": "title",
        "video": false,
        "vote_average": 5.8,
        "vote_count": 123,
      },
      Object {
        "backdrop_path": "/backdrop_path.jpg",
        "first_air_date": "first_air_date",
        "genre_ids": Array [
          1,
        ],
        "id": 79574,
        "media_type": "tv",
        "name": "name",
        "origin_country": Array [],
        "original_language": "original_language",
        "original_name": "original_name",
        "overview": "overview",
        "popularity": 1,
        "poster_path": "/poster_path.jpg",
        "vote_average": 8,
        "vote_count": 2,
      },
    ],
    "name": "name",
    "popularity": 123,
    "profile_path": "profile_path",
  },
]
`;

exports[`Unity: People getPopularPeople()  return the list of trending famous people correctly 1`] = `
Array [
  Object {
    "adult": true,
    "id": 3,
    "known_for": Array [
      Object {
        "adult": false,
        "backdrop_path": "/backdrop_path.jpg",
        "genre_ids": Array [
          2,
        ],
        "id": 123,
        "media_type": "movie",
        "original_language": "original_language",
        "original_title": "original_title",
        "overview": "overview",
        "popularity": 1,
        "poster_path": "/poster_path.jpg",
        "release_date": "release_date",
        "title": "title",
        "video": false,
        "vote_average": 5.8,
        "vote_count": 123,
      },
      Object {
        "backdrop_path": "/backdrop_path.jpg",
        "first_air_date": "first_air_date",
        "genre_ids": Array [
          1,
        ],
        "id": 79574,
        "media_type": "tv",
        "name": "name",
        "origin_country": Array [],
        "original_language": "original_language",
        "original_name": "original_name",
        "overview": "overview",
        "popularity": 1,
        "poster_path": "/poster_path.jpg",
        "vote_average": 8,
        "vote_count": 2,
      },
    ],
    "name": "name",
    "popularity": 123,
    "profile_path": "profile_path",
  },
]
`;
