// Jest Snapshot v1, https://goo.gl/fbAQLP

exports[`Integration: DataSources-Search.Movie Query - Search for a Movie should search for a movie with the title that matches with the query provided on TheMoviewDB API and returns the result correctly 1`] = `
Array [
  Object {
    "adult": false,
    "backdrop_path": "/backdrop_path.jpg",
    "genre_ids": Array [
      "Movie Genre",
    ],
    "id": 123,
    "media_type": "movie",
    "original_language": "original_language",
    "original_title": "original_title",
    "overview": "overview",
    "popularity": 1,
    "poster_path": "/poster_path.jpg",
    "release_date": "release_date",
    "title": "title",
    "video": false,
    "vote_average": 5.8,
    "vote_count": 123,
  },
]
`;
